
STARTING BENCHMARK (SETUP): ext4-sdb1-noop-ext4-naMHz-dbserver-1wr-10rd-10fls-10mfsz-100sec  EPOCH: 1 / 1 THREAD: 1 / 1 SCRIPT: ./main-setup.sh sdb1 noop none SET_IOSCHED_FIRST_EPOCH ext4 FORMAT_FIRST_EPOCH na na "none" none 4096 "" ""

**MSTPSH** BLOCKSIZE enabled: Will format fs with 4096 as blocksize
BLKOPT = -b 4096
**MSTPSH** Setting up the system...
**MPSTPSH** Setting noop I/O scheduler...
**MPSTPSH** noop I/O scheduler was set successfully.
**MSTPSH** Formatting ext4 filesystem...
mkfs.ext4 -b 4096  /dev/sdb1
mke2fs 1.42.9 (4-Feb-2014)
Filesystem label=
OS type: Linux
Block size=4096 (log=2)
Fragment size=4096 (log=2)
Stride=0 blocks, Stripe width=0 blocks
8921088 inodes, 35684096 blocks
1784204 blocks (5.00%) reserved for the super user
First data block=0
Maximum filesystem blocks=4294967296
1089 block groups
32768 blocks per group, 32768 fragments per group
8192 inodes per group
Superblock backups stored on blocks: 
	32768, 98304, 163840, 229376, 294912, 819200, 884736, 1605632, 2654208, 
	4096000, 7962624, 11239424, 20480000, 23887872

Allocating group tables:    0/1089         done                            
Writing inode tables:    0/1089         done                            
Creating journal (32768 blocks): done
Writing superblocks and filesystem accounting information:    0/1089         done

tune2fs 1.42.9 (4-Feb-2014)
Setting maximal mount count to -1
Setting interval between checks to 0 seconds
**MSTPSH** ext4 was successfully formatted.
**MSTPSH** Mounting ext4 filesystem...
mount -t ext4  /dev/sdb1 /test/root 
**MSTPSH** ext4 was successfully mounted
CPUFREQ = na
**MSTPSH** CPU frequency is not applicable according to config...
**MSTPSH** Dirty ratio is kept default according to config...
**MSTPSH** System was successfully set up.

COMPLETED BENCHMARK (SETUP): ext4-sdb1-noop-ext4-naMHz-dbserver-1wr-10rd-10fls-10mfsz-100sec EPOCH: 1 / 1 THREAD 1 / 1 SCRIPT: ./main-setup.sh sdb1 noop none SET_IOSCHED_FIRST_EPOCH ext4 FORMAT_FIRST_EPOCH na na "none" none 4096 "" ""


STARTING BENCHMARK (EXEC): ext4-sdb1-noop-ext4-naMHz-dbserver-1wr-10rd-10fls-10mfsz-100sec  EPOCH: 1 / 1 THREAD: 1 / 1 SCRIPT: ./main.sh dbserver-1wr-10rd-10fls-10mfsz 100 100 yes "lcl" bench "/root/vass/linux-kernels/"

